test ÃØÃÜ